<?xml version="1.0" encoding="UTF-8" ?>
<testsuites name="vitest tests" tests="22" failures="0" errors="0" time="30.266">
    <testsuite name="tests/components/AlleGebiete.test.tsx" timestamp="2025-09-08T09:30:49.034Z" hostname="OezguersLaptop" tests="3" failures="0" errors="0" skipped="0" time="0.2680614">
        <testcase classname="tests/components/AlleGebiete.test.tsx" name="zeigt Ladezustand, wenn Gebiete noch geladen werden" time="0.0734001">
            <system-err>
⚠️ React Router Future Flag Warning: React Router will begin wrapping state updates in `React.startTransition` in v7. You can use the `v7_startTransition` future flag to opt-in early. For more information, see https://reactrouter.com/v6/upgrading/future#v7_starttransition.
⚠️ React Router Future Flag Warning: Relative route resolution within Splat routes is changing in v7. You can use the `v7_relativeSplatPath` future flag to opt-in early. For more information, see https://reactrouter.com/v6/upgrading/future#v7_relativesplatpath.
Warning: An update to AlleGebiete inside a test was not wrapped in act(...).

When testing, code that causes React state updates should be wrapped into act(...):

act(() =&gt; {
  /* fire events that update state */
});
/* assert on the output */

This ensures that you&apos;re testing the behavior the user would see in the browser. Learn more at https://reactjs.org/link/wrap-tests-with-act
    at AlleGebiete (C:\Users\guler\OneDrive\UNI\4.SEMESTER\WEBENGINEERING2\Git\we2.blatt11\src\components\AlleGebiete.tsx:10:22)
    at ErrorBoundary (C:\Users\guler\OneDrive\UNI\4.SEMESTER\WEBENGINEERING2\Git\we2.blatt11\node_modules\react-error-boundary\dist\react-error-boundary.development.esm.js:14:5)
    at Router (C:\Users\guler\OneDrive\UNI\4.SEMESTER\WEBENGINEERING2\Git\we2.blatt11\node_modules\react-router\dist\umd\react-router.development.js:1207:17)
    at MemoryRouter (C:\Users\guler\OneDrive\UNI\4.SEMESTER\WEBENGINEERING2\Git\we2.blatt11\node_modules\react-router\dist\umd\react-router.development.js:1101:7)
Warning: An update to AlleGebiete inside a test was not wrapped in act(...).

When testing, code that causes React state updates should be wrapped into act(...):

act(() =&gt; {
  /* fire events that update state */
});
/* assert on the output */

This ensures that you&apos;re testing the behavior the user would see in the browser. Learn more at https://reactjs.org/link/wrap-tests-with-act
    at AlleGebiete (C:\Users\guler\OneDrive\UNI\4.SEMESTER\WEBENGINEERING2\Git\we2.blatt11\src\components\AlleGebiete.tsx:10:22)
    at ErrorBoundary (C:\Users\guler\OneDrive\UNI\4.SEMESTER\WEBENGINEERING2\Git\we2.blatt11\node_modules\react-error-boundary\dist\react-error-boundary.development.esm.js:14:5)
    at Router (C:\Users\guler\OneDrive\UNI\4.SEMESTER\WEBENGINEERING2\Git\we2.blatt11\node_modules\react-router\dist\umd\react-router.development.js:1207:17)
    at MemoryRouter (C:\Users\guler\OneDrive\UNI\4.SEMESTER\WEBENGINEERING2\Git\we2.blatt11\node_modules\react-router\dist\umd\react-router.development.js:1101:7)

            </system-err>
        </testcase>
        <testcase classname="tests/components/AlleGebiete.test.tsx" name="zeigt Gebiete an, wenn sie erfolgreich geladen wurden" time="0.1449221">
        </testcase>
        <testcase classname="tests/components/AlleGebiete.test.tsx" name="zeigt Fehlermeldung an, wenn beim Laden ein Fehler auftritt" time="0.0470658">
            <system-err>
Error: Uncaught [Error: Fehler beim Laden der Gebiete: Fehler]
    at reportException (C:\Users\guler\OneDrive\UNI\4.SEMESTER\WEBENGINEERING2\Git\we2.blatt11\node_modules\jsdom\lib\jsdom\living\helpers\runtime-script-errors.js:66:24)
    at innerInvokeEventListeners (C:\Users\guler\OneDrive\UNI\4.SEMESTER\WEBENGINEERING2\Git\we2.blatt11\node_modules\jsdom\lib\jsdom\living\events\EventTarget-impl.js:353:9)
    at invokeEventListeners (C:\Users\guler\OneDrive\UNI\4.SEMESTER\WEBENGINEERING2\Git\we2.blatt11\node_modules\jsdom\lib\jsdom\living\events\EventTarget-impl.js:286:3)
    at HTMLUnknownElementImpl._dispatch (C:\Users\guler\OneDrive\UNI\4.SEMESTER\WEBENGINEERING2\Git\we2.blatt11\node_modules\jsdom\lib\jsdom\living\events\EventTarget-impl.js:233:9)
    at HTMLUnknownElementImpl.dispatchEvent (C:\Users\guler\OneDrive\UNI\4.SEMESTER\WEBENGINEERING2\Git\we2.blatt11\node_modules\jsdom\lib\jsdom\living\events\EventTarget-impl.js:104:17)
    at HTMLUnknownElement.dispatchEvent (C:\Users\guler\OneDrive\UNI\4.SEMESTER\WEBENGINEERING2\Git\we2.blatt11\node_modules\jsdom\lib\jsdom\living\generated\EventTarget.js:241:34)
    at Object.invokeGuardedCallbackDev (C:\Users\guler\OneDrive\UNI\4.SEMESTER\WEBENGINEERING2\Git\we2.blatt11\node_modules\react-dom\cjs\react-dom.development.js:4213:16)
    at invokeGuardedCallback (C:\Users\guler\OneDrive\UNI\4.SEMESTER\WEBENGINEERING2\Git\we2.blatt11\node_modules\react-dom\cjs\react-dom.development.js:4277:31)
    at beginWork$1 (C:\Users\guler\OneDrive\UNI\4.SEMESTER\WEBENGINEERING2\Git\we2.blatt11\node_modules\react-dom\cjs\react-dom.development.js:27490:7)
    at performUnitOfWork (C:\Users\guler\OneDrive\UNI\4.SEMESTER\WEBENGINEERING2\Git\we2.blatt11\node_modules\react-dom\cjs\react-dom.development.js:26599:12) Error: Fehler beim Laden der Gebiete: Fehler
    at AlleGebiete [90m(C:\Users\guler\OneDrive\UNI\4.SEMESTER\WEBENGINEERING2\Git\we2.blatt11\[39msrc\components\AlleGebiete.tsx:29:11[90m)[39m
    at renderWithHooks [90m(C:\Users\guler\OneDrive\UNI\4.SEMESTER\WEBENGINEERING2\Git\we2.blatt11\[39mnode_modules\[4mreact-dom[24m\cjs\react-dom.development.js:15486:18[90m)[39m
    at updateFunctionComponent [90m(C:\Users\guler\OneDrive\UNI\4.SEMESTER\WEBENGINEERING2\Git\we2.blatt11\[39mnode_modules\[4mreact-dom[24m\cjs\react-dom.development.js:19617:20[90m)[39m
    at beginWork [90m(C:\Users\guler\OneDrive\UNI\4.SEMESTER\WEBENGINEERING2\Git\we2.blatt11\[39mnode_modules\[4mreact-dom[24m\cjs\react-dom.development.js:21640:16[90m)[39m
    at HTMLUnknownElement.callCallback [90m(C:\Users\guler\OneDrive\UNI\4.SEMESTER\WEBENGINEERING2\Git\we2.blatt11\[39mnode_modules\[4mreact-dom[24m\cjs\react-dom.development.js:4164:14[90m)[39m
    at HTMLUnknownElement.callTheUserObjectsOperation [90m(C:\Users\guler\OneDrive\UNI\4.SEMESTER\WEBENGINEERING2\Git\we2.blatt11\[39mnode_modules\[4mjsdom[24m\lib\jsdom\living\generated\EventListener.js:26:30[90m)[39m
    at innerInvokeEventListeners [90m(C:\Users\guler\OneDrive\UNI\4.SEMESTER\WEBENGINEERING2\Git\we2.blatt11\[39mnode_modules\[4mjsdom[24m\lib\jsdom\living\events\EventTarget-impl.js:350:25[90m)[39m
    at invokeEventListeners [90m(C:\Users\guler\OneDrive\UNI\4.SEMESTER\WEBENGINEERING2\Git\we2.blatt11\[39mnode_modules\[4mjsdom[24m\lib\jsdom\living\events\EventTarget-impl.js:286:3[90m)[39m
    at HTMLUnknownElementImpl._dispatch [90m(C:\Users\guler\OneDrive\UNI\4.SEMESTER\WEBENGINEERING2\Git\we2.blatt11\[39mnode_modules\[4mjsdom[24m\lib\jsdom\living\events\EventTarget-impl.js:233:9[90m)[39m
    at HTMLUnknownElementImpl.dispatchEvent [90m(C:\Users\guler\OneDrive\UNI\4.SEMESTER\WEBENGINEERING2\Git\we2.blatt11\[39mnode_modules\[4mjsdom[24m\lib\jsdom\living\events\EventTarget-impl.js:104:17[90m)[39m
Error: Uncaught [Error: Fehler beim Laden der Gebiete: Fehler]
    at reportException (C:\Users\guler\OneDrive\UNI\4.SEMESTER\WEBENGINEERING2\Git\we2.blatt11\node_modules\jsdom\lib\jsdom\living\helpers\runtime-script-errors.js:66:24)
    at innerInvokeEventListeners (C:\Users\guler\OneDrive\UNI\4.SEMESTER\WEBENGINEERING2\Git\we2.blatt11\node_modules\jsdom\lib\jsdom\living\events\EventTarget-impl.js:353:9)
    at invokeEventListeners (C:\Users\guler\OneDrive\UNI\4.SEMESTER\WEBENGINEERING2\Git\we2.blatt11\node_modules\jsdom\lib\jsdom\living\events\EventTarget-impl.js:286:3)
    at HTMLUnknownElementImpl._dispatch (C:\Users\guler\OneDrive\UNI\4.SEMESTER\WEBENGINEERING2\Git\we2.blatt11\node_modules\jsdom\lib\jsdom\living\events\EventTarget-impl.js:233:9)
    at HTMLUnknownElementImpl.dispatchEvent (C:\Users\guler\OneDrive\UNI\4.SEMESTER\WEBENGINEERING2\Git\we2.blatt11\node_modules\jsdom\lib\jsdom\living\events\EventTarget-impl.js:104:17)
    at HTMLUnknownElement.dispatchEvent (C:\Users\guler\OneDrive\UNI\4.SEMESTER\WEBENGINEERING2\Git\we2.blatt11\node_modules\jsdom\lib\jsdom\living\generated\EventTarget.js:241:34)
    at Object.invokeGuardedCallbackDev (C:\Users\guler\OneDrive\UNI\4.SEMESTER\WEBENGINEERING2\Git\we2.blatt11\node_modules\react-dom\cjs\react-dom.development.js:4213:16)
    at invokeGuardedCallback (C:\Users\guler\OneDrive\UNI\4.SEMESTER\WEBENGINEERING2\Git\we2.blatt11\node_modules\react-dom\cjs\react-dom.development.js:4277:31)
    at beginWork$1 (C:\Users\guler\OneDrive\UNI\4.SEMESTER\WEBENGINEERING2\Git\we2.blatt11\node_modules\react-dom\cjs\react-dom.development.js:27490:7)
    at performUnitOfWork (C:\Users\guler\OneDrive\UNI\4.SEMESTER\WEBENGINEERING2\Git\we2.blatt11\node_modules\react-dom\cjs\react-dom.development.js:26599:12) Error: Fehler beim Laden der Gebiete: Fehler
    at AlleGebiete [90m(C:\Users\guler\OneDrive\UNI\4.SEMESTER\WEBENGINEERING2\Git\we2.blatt11\[39msrc\components\AlleGebiete.tsx:29:11[90m)[39m
    at renderWithHooks [90m(C:\Users\guler\OneDrive\UNI\4.SEMESTER\WEBENGINEERING2\Git\we2.blatt11\[39mnode_modules\[4mreact-dom[24m\cjs\react-dom.development.js:15486:18[90m)[39m
    at updateFunctionComponent [90m(C:\Users\guler\OneDrive\UNI\4.SEMESTER\WEBENGINEERING2\Git\we2.blatt11\[39mnode_modules\[4mreact-dom[24m\cjs\react-dom.development.js:19617:20[90m)[39m
    at beginWork [90m(C:\Users\guler\OneDrive\UNI\4.SEMESTER\WEBENGINEERING2\Git\we2.blatt11\[39mnode_modules\[4mreact-dom[24m\cjs\react-dom.development.js:21640:16[90m)[39m
    at HTMLUnknownElement.callCallback [90m(C:\Users\guler\OneDrive\UNI\4.SEMESTER\WEBENGINEERING2\Git\we2.blatt11\[39mnode_modules\[4mreact-dom[24m\cjs\react-dom.development.js:4164:14[90m)[39m
    at HTMLUnknownElement.callTheUserObjectsOperation [90m(C:\Users\guler\OneDrive\UNI\4.SEMESTER\WEBENGINEERING2\Git\we2.blatt11\[39mnode_modules\[4mjsdom[24m\lib\jsdom\living\generated\EventListener.js:26:30[90m)[39m
    at innerInvokeEventListeners [90m(C:\Users\guler\OneDrive\UNI\4.SEMESTER\WEBENGINEERING2\Git\we2.blatt11\[39mnode_modules\[4mjsdom[24m\lib\jsdom\living\events\EventTarget-impl.js:350:25[90m)[39m
    at invokeEventListeners [90m(C:\Users\guler\OneDrive\UNI\4.SEMESTER\WEBENGINEERING2\Git\we2.blatt11\[39mnode_modules\[4mjsdom[24m\lib\jsdom\living\events\EventTarget-impl.js:286:3[90m)[39m
    at HTMLUnknownElementImpl._dispatch [90m(C:\Users\guler\OneDrive\UNI\4.SEMESTER\WEBENGINEERING2\Git\we2.blatt11\[39mnode_modules\[4mjsdom[24m\lib\jsdom\living\events\EventTarget-impl.js:233:9[90m)[39m
    at HTMLUnknownElementImpl.dispatchEvent [90m(C:\Users\guler\OneDrive\UNI\4.SEMESTER\WEBENGINEERING2\Git\we2.blatt11\[39mnode_modules\[4mjsdom[24m\lib\jsdom\living\events\EventTarget-impl.js:104:17[90m)[39m
The above error occurred in the &lt;AlleGebiete&gt; component:

    at AlleGebiete (C:\Users\guler\OneDrive\UNI\4.SEMESTER\WEBENGINEERING2\Git\we2.blatt11\src\components\AlleGebiete.tsx:10:22)
    at ErrorBoundary (C:\Users\guler\OneDrive\UNI\4.SEMESTER\WEBENGINEERING2\Git\we2.blatt11\node_modules\react-error-boundary\dist\react-error-boundary.development.esm.js:14:5)
    at LoginContextProvider (C:\Users\guler\OneDrive\UNI\4.SEMESTER\WEBENGINEERING2\Git\we2.blatt11\src\components\LoginContext.Provider.tsx:11:33)
    at Router (C:\Users\guler\OneDrive\UNI\4.SEMESTER\WEBENGINEERING2\Git\we2.blatt11\node_modules\react-router\dist\umd\react-router.development.js:1207:17)
    at MemoryRouter (C:\Users\guler\OneDrive\UNI\4.SEMESTER\WEBENGINEERING2\Git\we2.blatt11\node_modules\react-router\dist\umd\react-router.development.js:1101:7)

React will try to recreate this component tree from scratch using the error boundary you provided, ErrorBoundary.

            </system-err>
        </testcase>
    </testsuite>
    <testsuite name="tests/components/ErrorBoundary.test.tsx" timestamp="2025-09-08T09:30:49.043Z" hostname="OezguersLaptop" tests="1" failures="0" errors="0" skipped="0" time="0.212609">
        <testcase classname="tests/components/ErrorBoundary.test.tsx" name="Fehler wird angezeigt" time="0.2091107">
            <system-err>
Error: Uncaught [Error: 💥 CABOOM 💥]
    at reportException (C:\Users\guler\OneDrive\UNI\4.SEMESTER\WEBENGINEERING2\Git\we2.blatt11\node_modules\jsdom\lib\jsdom\living\helpers\runtime-script-errors.js:66:24)
    at innerInvokeEventListeners (C:\Users\guler\OneDrive\UNI\4.SEMESTER\WEBENGINEERING2\Git\we2.blatt11\node_modules\jsdom\lib\jsdom\living\events\EventTarget-impl.js:353:9)
    at invokeEventListeners (C:\Users\guler\OneDrive\UNI\4.SEMESTER\WEBENGINEERING2\Git\we2.blatt11\node_modules\jsdom\lib\jsdom\living\events\EventTarget-impl.js:286:3)
    at HTMLUnknownElementImpl._dispatch (C:\Users\guler\OneDrive\UNI\4.SEMESTER\WEBENGINEERING2\Git\we2.blatt11\node_modules\jsdom\lib\jsdom\living\events\EventTarget-impl.js:233:9)
    at HTMLUnknownElementImpl.dispatchEvent (C:\Users\guler\OneDrive\UNI\4.SEMESTER\WEBENGINEERING2\Git\we2.blatt11\node_modules\jsdom\lib\jsdom\living\events\EventTarget-impl.js:104:17)
    at HTMLUnknownElement.dispatchEvent (C:\Users\guler\OneDrive\UNI\4.SEMESTER\WEBENGINEERING2\Git\we2.blatt11\node_modules\jsdom\lib\jsdom\living\generated\EventTarget.js:241:34)
    at Object.invokeGuardedCallbackDev (C:\Users\guler\OneDrive\UNI\4.SEMESTER\WEBENGINEERING2\Git\we2.blatt11\node_modules\react-dom\cjs\react-dom.development.js:4213:16)
    at invokeGuardedCallback (C:\Users\guler\OneDrive\UNI\4.SEMESTER\WEBENGINEERING2\Git\we2.blatt11\node_modules\react-dom\cjs\react-dom.development.js:4277:31)
    at beginWork$1 (C:\Users\guler\OneDrive\UNI\4.SEMESTER\WEBENGINEERING2\Git\we2.blatt11\node_modules\react-dom\cjs\react-dom.development.js:27490:7)
    at performUnitOfWork (C:\Users\guler\OneDrive\UNI\4.SEMESTER\WEBENGINEERING2\Git\we2.blatt11\node_modules\react-dom\cjs\react-dom.development.js:26599:12) Error: 💥 CABOOM 💥
    at Bomb [90m(C:\Users\guler\OneDrive\UNI\4.SEMESTER\WEBENGINEERING2\Git\we2.blatt11\[39mtests\components\Bomb.tsx:7:11[90m)[39m
    at renderWithHooks [90m(C:\Users\guler\OneDrive\UNI\4.SEMESTER\WEBENGINEERING2\Git\we2.blatt11\[39mnode_modules\[4mreact-dom[24m\cjs\react-dom.development.js:15486:18[90m)[39m
    at mountIndeterminateComponent [90m(C:\Users\guler\OneDrive\UNI\4.SEMESTER\WEBENGINEERING2\Git\we2.blatt11\[39mnode_modules\[4mreact-dom[24m\cjs\react-dom.development.js:20103:13[90m)[39m
    at beginWork [90m(C:\Users\guler\OneDrive\UNI\4.SEMESTER\WEBENGINEERING2\Git\we2.blatt11\[39mnode_modules\[4mreact-dom[24m\cjs\react-dom.development.js:21626:16[90m)[39m
    at HTMLUnknownElement.callCallback [90m(C:\Users\guler\OneDrive\UNI\4.SEMESTER\WEBENGINEERING2\Git\we2.blatt11\[39mnode_modules\[4mreact-dom[24m\cjs\react-dom.development.js:4164:14[90m)[39m
    at HTMLUnknownElement.callTheUserObjectsOperation [90m(C:\Users\guler\OneDrive\UNI\4.SEMESTER\WEBENGINEERING2\Git\we2.blatt11\[39mnode_modules\[4mjsdom[24m\lib\jsdom\living\generated\EventListener.js:26:30[90m)[39m
    at innerInvokeEventListeners [90m(C:\Users\guler\OneDrive\UNI\4.SEMESTER\WEBENGINEERING2\Git\we2.blatt11\[39mnode_modules\[4mjsdom[24m\lib\jsdom\living\events\EventTarget-impl.js:350:25[90m)[39m
    at invokeEventListeners [90m(C:\Users\guler\OneDrive\UNI\4.SEMESTER\WEBENGINEERING2\Git\we2.blatt11\[39mnode_modules\[4mjsdom[24m\lib\jsdom\living\events\EventTarget-impl.js:286:3[90m)[39m
    at HTMLUnknownElementImpl._dispatch [90m(C:\Users\guler\OneDrive\UNI\4.SEMESTER\WEBENGINEERING2\Git\we2.blatt11\[39mnode_modules\[4mjsdom[24m\lib\jsdom\living\events\EventTarget-impl.js:233:9[90m)[39m
    at HTMLUnknownElementImpl.dispatchEvent [90m(C:\Users\guler\OneDrive\UNI\4.SEMESTER\WEBENGINEERING2\Git\we2.blatt11\[39mnode_modules\[4mjsdom[24m\lib\jsdom\living\events\EventTarget-impl.js:104:17[90m)[39m
Error: Uncaught [Error: 💥 CABOOM 💥]
    at reportException (C:\Users\guler\OneDrive\UNI\4.SEMESTER\WEBENGINEERING2\Git\we2.blatt11\node_modules\jsdom\lib\jsdom\living\helpers\runtime-script-errors.js:66:24)
    at innerInvokeEventListeners (C:\Users\guler\OneDrive\UNI\4.SEMESTER\WEBENGINEERING2\Git\we2.blatt11\node_modules\jsdom\lib\jsdom\living\events\EventTarget-impl.js:353:9)
    at invokeEventListeners (C:\Users\guler\OneDrive\UNI\4.SEMESTER\WEBENGINEERING2\Git\we2.blatt11\node_modules\jsdom\lib\jsdom\living\events\EventTarget-impl.js:286:3)
    at HTMLUnknownElementImpl._dispatch (C:\Users\guler\OneDrive\UNI\4.SEMESTER\WEBENGINEERING2\Git\we2.blatt11\node_modules\jsdom\lib\jsdom\living\events\EventTarget-impl.js:233:9)
    at HTMLUnknownElementImpl.dispatchEvent (C:\Users\guler\OneDrive\UNI\4.SEMESTER\WEBENGINEERING2\Git\we2.blatt11\node_modules\jsdom\lib\jsdom\living\events\EventTarget-impl.js:104:17)
    at HTMLUnknownElement.dispatchEvent (C:\Users\guler\OneDrive\UNI\4.SEMESTER\WEBENGINEERING2\Git\we2.blatt11\node_modules\jsdom\lib\jsdom\living\generated\EventTarget.js:241:34)
    at Object.invokeGuardedCallbackDev (C:\Users\guler\OneDrive\UNI\4.SEMESTER\WEBENGINEERING2\Git\we2.blatt11\node_modules\react-dom\cjs\react-dom.development.js:4213:16)
    at invokeGuardedCallback (C:\Users\guler\OneDrive\UNI\4.SEMESTER\WEBENGINEERING2\Git\we2.blatt11\node_modules\react-dom\cjs\react-dom.development.js:4277:31)
    at beginWork$1 (C:\Users\guler\OneDrive\UNI\4.SEMESTER\WEBENGINEERING2\Git\we2.blatt11\node_modules\react-dom\cjs\react-dom.development.js:27490:7)
    at performUnitOfWork (C:\Users\guler\OneDrive\UNI\4.SEMESTER\WEBENGINEERING2\Git\we2.blatt11\node_modules\react-dom\cjs\react-dom.development.js:26599:12) Error: 💥 CABOOM 💥
    at Bomb [90m(C:\Users\guler\OneDrive\UNI\4.SEMESTER\WEBENGINEERING2\Git\we2.blatt11\[39mtests\components\Bomb.tsx:7:11[90m)[39m
    at renderWithHooks [90m(C:\Users\guler\OneDrive\UNI\4.SEMESTER\WEBENGINEERING2\Git\we2.blatt11\[39mnode_modules\[4mreact-dom[24m\cjs\react-dom.development.js:15486:18[90m)[39m
    at mountIndeterminateComponent [90m(C:\Users\guler\OneDrive\UNI\4.SEMESTER\WEBENGINEERING2\Git\we2.blatt11\[39mnode_modules\[4mreact-dom[24m\cjs\react-dom.development.js:20103:13[90m)[39m
    at beginWork [90m(C:\Users\guler\OneDrive\UNI\4.SEMESTER\WEBENGINEERING2\Git\we2.blatt11\[39mnode_modules\[4mreact-dom[24m\cjs\react-dom.development.js:21626:16[90m)[39m
    at HTMLUnknownElement.callCallback [90m(C:\Users\guler\OneDrive\UNI\4.SEMESTER\WEBENGINEERING2\Git\we2.blatt11\[39mnode_modules\[4mreact-dom[24m\cjs\react-dom.development.js:4164:14[90m)[39m
    at HTMLUnknownElement.callTheUserObjectsOperation [90m(C:\Users\guler\OneDrive\UNI\4.SEMESTER\WEBENGINEERING2\Git\we2.blatt11\[39mnode_modules\[4mjsdom[24m\lib\jsdom\living\generated\EventListener.js:26:30[90m)[39m
    at innerInvokeEventListeners [90m(C:\Users\guler\OneDrive\UNI\4.SEMESTER\WEBENGINEERING2\Git\we2.blatt11\[39mnode_modules\[4mjsdom[24m\lib\jsdom\living\events\EventTarget-impl.js:350:25[90m)[39m
    at invokeEventListeners [90m(C:\Users\guler\OneDrive\UNI\4.SEMESTER\WEBENGINEERING2\Git\we2.blatt11\[39mnode_modules\[4mjsdom[24m\lib\jsdom\living\events\EventTarget-impl.js:286:3[90m)[39m
    at HTMLUnknownElementImpl._dispatch [90m(C:\Users\guler\OneDrive\UNI\4.SEMESTER\WEBENGINEERING2\Git\we2.blatt11\[39mnode_modules\[4mjsdom[24m\lib\jsdom\living\events\EventTarget-impl.js:233:9[90m)[39m
    at HTMLUnknownElementImpl.dispatchEvent [90m(C:\Users\guler\OneDrive\UNI\4.SEMESTER\WEBENGINEERING2\Git\we2.blatt11\[39mnode_modules\[4mjsdom[24m\lib\jsdom\living\events\EventTarget-impl.js:104:17[90m)[39m
The above error occurred in the &lt;Bomb&gt; component:

    at Bomb (C:\Users\guler\OneDrive\UNI\4.SEMESTER\WEBENGINEERING2\Git\we2.blatt11\tests\components\Bomb.tsx:2:9)
    at ErrorBoundary (C:\Users\guler\OneDrive\UNI\4.SEMESTER\WEBENGINEERING2\Git\we2.blatt11\node_modules\react-error-boundary\dist\react-error-boundary.development.esm.js:14:5)
    at LoginContextProvider (C:\Users\guler\OneDrive\UNI\4.SEMESTER\WEBENGINEERING2\Git\we2.blatt11\src\components\LoginContext.Provider.tsx:11:33)
    at Router (C:\Users\guler\OneDrive\UNI\4.SEMESTER\WEBENGINEERING2\Git\we2.blatt11\node_modules\react-router\dist\umd\react-router.development.js:1207:17)
    at MemoryRouter (C:\Users\guler\OneDrive\UNI\4.SEMESTER\WEBENGINEERING2\Git\we2.blatt11\node_modules\react-router\dist\umd\react-router.development.js:1101:7)

React will try to recreate this component tree from scratch using the error boundary you provided, ErrorBoundary.
⚠️ React Router Future Flag Warning: React Router will begin wrapping state updates in `React.startTransition` in v7. You can use the `v7_startTransition` future flag to opt-in early. For more information, see https://reactrouter.com/v6/upgrading/future#v7_starttransition.
⚠️ React Router Future Flag Warning: Relative route resolution within Splat routes is changing in v7. You can use the `v7_relativeSplatPath` future flag to opt-in early. For more information, see https://reactrouter.com/v6/upgrading/future#v7_relativesplatpath.

            </system-err>
        </testcase>
    </testsuite>
    <testsuite name="tests/components/FormElementeGefunden.test.tsx" timestamp="2025-09-08T09:30:49.045Z" hostname="OezguersLaptop" tests="1" failures="0" errors="0" skipped="0" time="0.9061026">
        <testcase classname="tests/components/FormElementeGefunden.test.tsx" name="Simple Happy Path" time="0.9031748">
            <system-err>
⚠️ React Router Future Flag Warning: React Router will begin wrapping state updates in `React.startTransition` in v7. You can use the `v7_startTransition` future flag to opt-in early. For more information, see https://reactrouter.com/v6/upgrading/future#v7_starttransition.
⚠️ React Router Future Flag Warning: Relative route resolution within Splat routes is changing in v7. You can use the `v7_relativeSplatPath` future flag to opt-in early. For more information, see https://reactrouter.com/v6/upgrading/future#v7_relativesplatpath.

Warning: The current testing environment is not configured to support act(...)

Error: Not implemented: navigation (except hash changes)
    at module.exports (C:\Users\guler\OneDrive\UNI\4.SEMESTER\WEBENGINEERING2\Git\we2.blatt11\node_modules\jsdom\lib\jsdom\browser\not-implemented.js:9:17)
    at navigateFetch (C:\Users\guler\OneDrive\UNI\4.SEMESTER\WEBENGINEERING2\Git\we2.blatt11\node_modules\jsdom\lib\jsdom\living\window\navigation.js:77:3)
    at exports.navigate (C:\Users\guler\OneDrive\UNI\4.SEMESTER\WEBENGINEERING2\Git\we2.blatt11\node_modules\jsdom\lib\jsdom\living\window\navigation.js:55:3)
    at LocationImpl.reload (C:\Users\guler\OneDrive\UNI\4.SEMESTER\WEBENGINEERING2\Git\we2.blatt11\node_modules\jsdom\lib\jsdom\living\window\Location-impl.js:226:5)
    at Location.reload (C:\Users\guler\OneDrive\UNI\4.SEMESTER\WEBENGINEERING2\Git\we2.blatt11\node_modules\jsdom\lib\jsdom\living\generated\Location.js:102:36)
    at handleLogin (C:\Users\guler\OneDrive\UNI\4.SEMESTER\WEBENGINEERING2\Git\we2.blatt11\src\components\LoginDialog.tsx:18:29)
    at runNextTicks (node:internal/process/task_queues:65:5)
    at listOnTimeout (node:internal/timers:549:9)
    at processTimers (node:internal/timers:523:7) [90mundefined[39m

Warning: The current testing environment is not configured to support act(...)
Warning: The current testing environment is not configured to support act(...)
Warning: The current testing environment is not configured to support act(...)
Warning: The current testing environment is not configured to support act(...)

Warning: The current testing environment is not configured to support act(...)
Warning: The current testing environment is not configured to support act(...)

            </system-err>
        </testcase>
    </testsuite>
    <testsuite name="tests/components/Gebiet.test.tsx" timestamp="2025-09-08T09:30:49.046Z" hostname="OezguersLaptop" tests="4" failures="0" errors="0" skipped="0" time="0.345244">
        <testcase classname="tests/components/Gebiet.test.tsx" name="Daten werden angezeigt" time="0.2054629">
            <system-err>
⚠️ React Router Future Flag Warning: React Router will begin wrapping state updates in `React.startTransition` in v7. You can use the `v7_startTransition` future flag to opt-in early. For more information, see https://reactrouter.com/v6/upgrading/future#v7_starttransition.
⚠️ React Router Future Flag Warning: Relative route resolution within Splat routes is changing in v7. You can use the `v7_relativeSplatPath` future flag to opt-in early. For more information, see https://reactrouter.com/v6/upgrading/future#v7_relativesplatpath.

            </system-err>
        </testcase>
        <testcase classname="tests/components/Gebiet.test.tsx" name="Themen werden auch angezeigt" time="0.0741387">
        </testcase>
        <testcase classname="tests/components/Gebiet.test.tsx" name="Daten werden geladen &quot;loading ...&quot;" time="0.0184434">
        </testcase>
        <testcase classname="tests/components/Gebiet.test.tsx" name="Keine Themen zu Gebiet gefunden" time="0.0445211">
            <system-err>
Fehler beim Abrufen der Themen: TypeError: fetch failed
[90m    at node:internal/deps/undici/undici:13510:13[39m
[90m    at processTicksAndRejections (node:internal/process/task_queues:105:5)[39m
    at Module.fetchWithErrorHandling [90m(C:\Users\guler\OneDrive\UNI\4.SEMESTER\WEBENGINEERING2\Git\we2.blatt11\[39msrc\backend\fetchWithErrorHandling.tsx:33:32[90m)[39m
    at Module.getAlleThemen [90m(C:\Users\guler\OneDrive\UNI\4.SEMESTER\WEBENGINEERING2\Git\we2.blatt11\[39msrc\backend\api.ts:172:24[90m)[39m {
  [cause]: AggregateError: 
  [90m    at internalConnectMultiple (node:net:1134:18)[39m
  [90m    at afterConnectMultiple (node:net:1715:7)[39m {
    code: [32m&apos;ECONNREFUSED&apos;[39m,
    [errors]: [ [36m[Error][39m, [36m[Error][39m ]
  }
}
Fehler bei get Login: TypeError: fetch failed
[90m    at node:internal/deps/undici/undici:13510:13[39m
[90m    at processTicksAndRejections (node:internal/process/task_queues:105:5)[39m
    at Module.fetchWithErrorHandling [90m(C:\Users\guler\OneDrive\UNI\4.SEMESTER\WEBENGINEERING2\Git\we2.blatt11\[39msrc\backend\fetchWithErrorHandling.tsx:33:32[90m)[39m
    at Module.getLogin [90m(C:\Users\guler\OneDrive\UNI\4.SEMESTER\WEBENGINEERING2\Git\we2.blatt11\[39msrc\backend\api.ts:390:24[90m)[39m
    at fetchLoginState [90m(C:\Users\guler\OneDrive\UNI\4.SEMESTER\WEBENGINEERING2\Git\we2.blatt11\[39msrc\components\LoginContext.Provider.tsx:72:27[90m)[39m {
  [cause]: AggregateError: 
  [90m    at internalConnectMultiple (node:net:1134:18)[39m
  [90m    at afterConnectMultiple (node:net:1715:7)[39m {
    code: [32m&apos;ECONNREFUSED&apos;[39m,
    [errors]: [ [36m[Error][39m, [36m[Error][39m ]
  }
}
Fehler bei get Login: TypeError: fetch failed
[90m    at node:internal/deps/undici/undici:13510:13[39m
[90m    at processTicksAndRejections (node:internal/process/task_queues:105:5)[39m
    at Module.fetchWithErrorHandling [90m(C:\Users\guler\OneDrive\UNI\4.SEMESTER\WEBENGINEERING2\Git\we2.blatt11\[39msrc\backend\fetchWithErrorHandling.tsx:33:32[90m)[39m
    at Module.getLogin [90m(C:\Users\guler\OneDrive\UNI\4.SEMESTER\WEBENGINEERING2\Git\we2.blatt11\[39msrc\backend\api.ts:390:24[90m)[39m
    at fetchLoginState [90m(C:\Users\guler\OneDrive\UNI\4.SEMESTER\WEBENGINEERING2\Git\we2.blatt11\[39msrc\components\LoginContext.Provider.tsx:72:27[90m)[39m {
  [cause]: AggregateError: 
  [90m    at internalConnectMultiple (node:net:1134:18)[39m
  [90m    at afterConnectMultiple (node:net:1715:7)[39m {
    code: [32m&apos;ECONNREFUSED&apos;[39m,
    [errors]: [ [36m[Error][39m, [36m[Error][39m ]
  }
}

            </system-err>
        </testcase>
    </testsuite>
    <testsuite name="tests/components/GebietDescription.test.tsx" timestamp="2025-09-08T09:30:49.049Z" hostname="OezguersLaptop" tests="1" failures="0" errors="0" skipped="0" time="0.1815235">
        <testcase classname="tests/components/GebietDescription.test.tsx" name="Daten werden angezeigt ohne Themen" time="0.1790129">
            <system-err>
⚠️ React Router Future Flag Warning: React Router will begin wrapping state updates in `React.startTransition` in v7. You can use the `v7_startTransition` future flag to opt-in early. For more information, see https://reactrouter.com/v6/upgrading/future#v7_starttransition.
⚠️ React Router Future Flag Warning: Relative route resolution within Splat routes is changing in v7. You can use the `v7_relativeSplatPath` future flag to opt-in early. For more information, see https://reactrouter.com/v6/upgrading/future#v7_relativesplatpath.

            </system-err>
        </testcase>
    </testsuite>
    <testsuite name="tests/components/LoginDialog.test.tsx" timestamp="2025-09-08T09:30:49.051Z" hostname="OezguersLaptop" tests="2" failures="0" errors="0" skipped="0" time="0.4982806">
        <testcase classname="tests/components/LoginDialog.test.tsx" name="LoginDialog ruft (indirekt) Backend auf" time="0.2607349">
            <system-err>
⚠️ React Router Future Flag Warning: React Router will begin wrapping state updates in `React.startTransition` in v7. You can use the `v7_startTransition` future flag to opt-in early. For more information, see https://reactrouter.com/v6/upgrading/future#v7_starttransition.
⚠️ React Router Future Flag Warning: Relative route resolution within Splat routes is changing in v7. You can use the `v7_relativeSplatPath` future flag to opt-in early. For more information, see https://reactrouter.com/v6/upgrading/future#v7_relativesplatpath.
Error: Not implemented: navigation (except hash changes)
    at module.exports (C:\Users\guler\OneDrive\UNI\4.SEMESTER\WEBENGINEERING2\Git\we2.blatt11\node_modules\jsdom\lib\jsdom\browser\not-implemented.js:9:17)
    at navigateFetch (C:\Users\guler\OneDrive\UNI\4.SEMESTER\WEBENGINEERING2\Git\we2.blatt11\node_modules\jsdom\lib\jsdom\living\window\navigation.js:77:3)
    at exports.navigate (C:\Users\guler\OneDrive\UNI\4.SEMESTER\WEBENGINEERING2\Git\we2.blatt11\node_modules\jsdom\lib\jsdom\living\window\navigation.js:55:3)
    at LocationImpl.reload (C:\Users\guler\OneDrive\UNI\4.SEMESTER\WEBENGINEERING2\Git\we2.blatt11\node_modules\jsdom\lib\jsdom\living\window\Location-impl.js:226:5)
    at Location.reload (C:\Users\guler\OneDrive\UNI\4.SEMESTER\WEBENGINEERING2\Git\we2.blatt11\node_modules\jsdom\lib\jsdom\living\generated\Location.js:102:36)
    at handleLogin (C:\Users\guler\OneDrive\UNI\4.SEMESTER\WEBENGINEERING2\Git\we2.blatt11\src\components\LoginDialog.tsx:18:29)
    at processTicksAndRejections (node:internal/process/task_queues:105:5) [90mundefined[39m

            </system-err>
        </testcase>
        <testcase classname="tests/components/LoginDialog.test.tsx" name="Login-Dialog über App aufrufbar" time="0.2345887">
        </testcase>
    </testsuite>
    <testsuite name="tests/components/Routes.test.tsx" timestamp="2025-09-08T09:30:49.052Z" hostname="OezguersLaptop" tests="8" failures="0" errors="0" skipped="0" time="0.4192448">
        <testcase classname="tests/components/Routes.test.tsx" name="App" time="0.1672287">
            <system-err>
⚠️ React Router Future Flag Warning: React Router will begin wrapping state updates in `React.startTransition` in v7. You can use the `v7_startTransition` future flag to opt-in early. For more information, see https://reactrouter.com/v6/upgrading/future#v7_starttransition.
⚠️ React Router Future Flag Warning: Relative route resolution within Splat routes is changing in v7. You can use the `v7_relativeSplatPath` future flag to opt-in early. For more information, see https://reactrouter.com/v6/upgrading/future#v7_relativesplatpath.

            </system-err>
        </testcase>
        <testcase classname="tests/components/Routes.test.tsx" name="Prefs" time="0.0225494">
        </testcase>
        <testcase classname="tests/components/Routes.test.tsx" name="Admin" time="0.026029">
        </testcase>
        <testcase classname="tests/components/Routes.test.tsx" name="Login" time="0.0196682">
        </testcase>
        <testcase classname="tests/components/Routes.test.tsx" name="Login" time="0.0183214">
        </testcase>
        <testcase classname="tests/components/Routes.test.tsx" name="Gebiet 101" time="0.0606118">
        </testcase>
        <testcase classname="tests/components/Routes.test.tsx" name="Thema" time="0.0410588">
        </testcase>
        <testcase classname="tests/components/Routes.test.tsx" name="Invalid Gebiet-ID" time="0.0609665">
        </testcase>
    </testsuite>
    <testsuite name="tests/components/Thema.test.tsx" timestamp="2025-09-08T09:30:49.055Z" hostname="OezguersLaptop" tests="2" failures="0" errors="0" skipped="0" time="0.2248858">
        <testcase classname="tests/components/Thema.test.tsx" name="Daten werden angezeigt" time="0.2039873">
            <system-err>
⚠️ React Router Future Flag Warning: React Router will begin wrapping state updates in `React.startTransition` in v7. You can use the `v7_startTransition` future flag to opt-in early. For more information, see https://reactrouter.com/v6/upgrading/future#v7_starttransition.
⚠️ React Router Future Flag Warning: Relative route resolution within Splat routes is changing in v7. You can use the `v7_relativeSplatPath` future flag to opt-in early. For more information, see https://reactrouter.com/v6/upgrading/future#v7_relativesplatpath.

            </system-err>
        </testcase>
        <testcase classname="tests/components/Thema.test.tsx" name="Thema wird hinzugefügt" time="0.0181951">
        </testcase>
    </testsuite>
</testsuites>
